EESchema (20090216-final)  >> Creation date: mié 31 mar 2010 20:35:40 ART

#Componentes ( orden = Referencia )
| C2         0.1uF       
| C3         2.2nF       
| C4         2.2nF       
| C5         C           
| C6         47uF        
| C7         470pF       
| C8         C           
| C9         0.1uF       
| C10        C           
| C11        C           
| C12        C           
| C14        C           
| C15        C           
| C16        C           
| C17        C           
| C20        C           
| C21        C           
| C22        C           
| C30        10nF        
| C31        1000uF      
| C32        0.1uF       
| C41        47uF        
| C51        C           
| C52        C           
| C101       0.1uF       
| C102       10uF        
| C201       0.1uF       
| C202       10uF        
| Cn1        AC-In       
| Cn2        BC          
| Cn3        Sal1        
| Cn4        Sal2        
| Cn7        Sensor      
| D1         1N4002      
| D2         1N4002      
| D3         1N4002      
| D4         1N4002      
| D5         1N4002      
| D6         DIODE       
| D51        DIODE       
| D52        DIODE       
| D53        DIODE       
| D54        DIODE       
| D55        DIODE       
| D56        DIODE       
| D61        LED         
| DL2        LED         
| DL15       LED         
| DZ1        1N4744      
| DZ2        1N4750      
| L1         IND2        
| L2         IND2        
| L3         IND_VAR     
| Q1         2N2222      
| Q2         2N2905      
| Q3         NPN         
| Q4         NPN         
| Q51        NPN         
| R1         4.7K        
| R2         15K         
| R3         R           
| R4         10K         
| R5         10K         
| R6         220         
| R7         1K          
| R8         R           
| R9         R           
| R10        R           
| R11        R           
| R12        R           
| R13        R           
| R14        R           
| R15        R           
| R16        R           
| R18        R           
| R19        R           
| R20        R           
| R21        R           
| R33        R           
| R51        R           
| R52        R           
| R53        R           
| R54        R           
| R55        R           
| Rly1       RELAY       
| S0         Encendido   
| S1         S1X5        
| TP1        CONN_1      
| TP2        CONN_1      
| U1         IC1         
| U2         IC2         
| U5         7812        
| U6         7805        
| U51        LM358       
| U?         IC3         
#Fin Componentes

#Componentes ( orden = Valor )
| 0.1uF        C2        
| 0.1uF        C9        
| 0.1uF        C32       
| 0.1uF        C101      
| 0.1uF        C201      
| 1000uF       C31       
| 10K          R4        
| 10K          R5        
| 10nF         C30       
| 10uF         C102      
| 10uF         C202      
| 15K          R2        
| 1K           R7        
| 1N4002       D1        
| 1N4002       D2        
| 1N4002       D3        
| 1N4002       D4        
| 1N4002       D5        
| 1N4744       DZ1       
| 1N4750       DZ2       
| 2.2nF        C3        
| 2.2nF        C4        
| 220          R6        
| 2N2222       Q1        
| 2N2905       Q2        
| 4.7K         R1        
| 470pF        C7        
| 47uF         C6        
| 47uF         C41       
| 7805         U6        
| 7812         U5        
| AC-In        Cn1       
| BC           Cn2       
| C            C5        
| C            C8        
| C            C10       
| C            C11       
| C            C12       
| C            C14       
| C            C15       
| C            C16       
| C            C17       
| C            C20       
| C            C21       
| C            C22       
| C            C51       
| C            C52       
| CONN_1       TP1       
| CONN_1       TP2       
| DIODE        D6        
| DIODE        D51       
| DIODE        D52       
| DIODE        D53       
| DIODE        D54       
| DIODE        D55       
| DIODE        D56       
| Encendido    S0        
| IC1          U1        
| IC2          U2        
| IC3          U?        
| IND2         L1        
| IND2         L2        
| IND_VAR      L3        
| LED          D61       
| LED          DL2       
| LED          DL15      
| LM358        U51       
| NPN          Q3        
| NPN          Q4        
| NPN          Q51       
| R            R3        
| R            R8        
| R            R9        
| R            R10       
| R            R11       
| R            R12       
| R            R13       
| R            R14       
| R            R15       
| R            R16       
| R            R18       
| R            R19       
| R            R20       
| R            R21       
| R            R33       
| R            R51       
| R            R52       
| R            R53       
| R            R54       
| R            R55       
| RELAY        Rly1      
| S1X5         S1        
| Sal1         Cn3       
| Sal2         Cn4       
| Sensor       Cn7       
#Fin Componentes

#Fin de Lista
